2025-04-04 06:31:13.080458 - Received CBT.V508.FILE239.PDS from FILE239.XMI 
2025-04-04 06:31:13.083007 - Found $$$#DATE.txt (text/plain) in CBT.V508.FILE239.PDS, moved to PDS/$$$#DATE
2025-04-04 06:31:13.083912 - Found @FILE238.txt (text/plain) in CBT.V508.FILE239.PDS, moved to PDS/@FILE238
2025-04-04 06:31:13.084101 - Found @FILE239.txt (text/plain) in CBT.V508.FILE239.PDS, moved to PDS/@FILE239
2025-04-04 06:31:13.084261 - Found ISR@PRIM.txt (text/plain) in CBT.V508.FILE239.PDS, moved to PDS/ISR@PRIM
2025-04-04 06:31:13.084391 - Found REACB000.txt (text/plain) in CBT.V508.FILE239.PDS, moved to PDS/REACB000
2025-04-04 06:31:13.084517 - Found REACO000.txt (text/plain) in CBT.V508.FILE239.PDS, moved to PDS/REACO000
2025-04-04 06:31:13.084652 - Found READD000.txt (text/plain) in CBT.V508.FILE239.PDS, moved to PDS/READD000
2025-04-04 06:31:13.084767 - Found READI000.txt (text/plain) in CBT.V508.FILE239.PDS, moved to PDS/READI000
2025-04-04 06:31:13.084898 - Found READI001.txt (text/plain) in CBT.V508.FILE239.PDS, moved to PDS/READI001
2025-04-04 06:31:13.085030 - Found READI002.txt (text/plain) in CBT.V508.FILE239.PDS, moved to PDS/READI002
2025-04-04 06:31:13.085162 - Found READI003.txt (text/plain) in CBT.V508.FILE239.PDS, moved to PDS/READI003
2025-04-04 06:31:13.085285 - Found REAEP000.txt (text/plain) in CBT.V508.FILE239.PDS, moved to PDS/REAEP000
2025-04-04 06:31:13.085413 - Found REAGE000.txt (text/plain) in CBT.V508.FILE239.PDS, moved to PDS/REAGE000
2025-04-04 06:31:13.085556 - Found REAGE001.txt (text/plain) in CBT.V508.FILE239.PDS, moved to PDS/REAGE001
2025-04-04 06:31:13.085695 - Found REALA000.txt (text/plain) in CBT.V508.FILE239.PDS, moved to PDS/REALA000
2025-04-04 06:31:13.085813 - Found REALID00.txt (text/plain) in CBT.V508.FILE239.PDS, moved to PDS/REALID00
2025-04-04 06:31:13.085928 - Found REALID01.txt (text/plain) in CBT.V508.FILE239.PDS, moved to PDS/REALID01
2025-04-04 06:31:13.086044 - Found REALIR00.txt (text/plain) in CBT.V508.FILE239.PDS, moved to PDS/REALIR00
2025-04-04 06:31:13.086182 - Found REALIT00.txt (text/plain) in CBT.V508.FILE239.PDS, moved to PDS/REALIT00
2025-04-04 06:31:13.086294 - Found REALIT01.txt (text/plain) in CBT.V508.FILE239.PDS, moved to PDS/REALIT01
2025-04-04 06:31:13.086407 - Found REALIT02.txt (text/plain) in CBT.V508.FILE239.PDS, moved to PDS/REALIT02
2025-04-04 06:31:13.086542 - Found REALIT03.txt (text/plain) in CBT.V508.FILE239.PDS, moved to PDS/REALIT03
2025-04-04 06:31:13.086692 - Found REALIU00.txt (text/plain) in CBT.V508.FILE239.PDS, moved to PDS/REALIU00
2025-04-04 06:31:13.086815 - Found REALI000.txt (text/plain) in CBT.V508.FILE239.PDS, moved to PDS/REALI000
2025-04-04 06:31:13.086946 - Found REALI001.txt (text/plain) in CBT.V508.FILE239.PDS, moved to PDS/REALI001
2025-04-04 06:31:13.087058 - Found REAMA000.txt (text/plain) in CBT.V508.FILE239.PDS, moved to PDS/REAMA000
2025-04-04 06:31:13.087171 - Found REAMI000.txt (text/plain) in CBT.V508.FILE239.PDS, moved to PDS/REAMI000
2025-04-04 06:31:13.087287 - Found REAPR#00.txt (text/plain) in CBT.V508.FILE239.PDS, moved to PDS/REAPR#00
2025-04-04 06:31:13.087417 - Found REAPR@00.txt (text/plain) in CBT.V508.FILE239.PDS, moved to PDS/REAPR@00
2025-04-04 06:31:13.087526 - Found REAPRD00.txt (text/plain) in CBT.V508.FILE239.PDS, moved to PDS/REAPRD00
2025-04-04 06:31:13.087636 - Found REAPRD01.txt (text/plain) in CBT.V508.FILE239.PDS, moved to PDS/REAPRD01
2025-04-04 06:31:13.087754 - Found REAPRE00.txt (text/plain) in CBT.V508.FILE239.PDS, moved to PDS/REAPRE00
2025-04-04 06:31:13.087875 - Found REAPRF00.txt (text/plain) in CBT.V508.FILE239.PDS, moved to PDS/REAPRF00
2025-04-04 06:31:13.087989 - Found REAPRI00.txt (text/plain) in CBT.V508.FILE239.PDS, moved to PDS/REAPRI00
2025-04-04 06:31:13.088105 - Found REAPRJ00.txt (text/plain) in CBT.V508.FILE239.PDS, moved to PDS/REAPRJ00
2025-04-04 06:31:13.088218 - Found REAPRL00.txt (text/plain) in CBT.V508.FILE239.PDS, moved to PDS/REAPRL00
2025-04-04 06:31:13.088342 - Found REAPRM00.txt (text/plain) in CBT.V508.FILE239.PDS, moved to PDS/REAPRM00
2025-04-04 06:31:13.088454 - Found REAPRO00.txt (text/plain) in CBT.V508.FILE239.PDS, moved to PDS/REAPRO00
2025-04-04 06:31:13.088567 - Found REAPRP00.txt (text/plain) in CBT.V508.FILE239.PDS, moved to PDS/REAPRP00
2025-04-04 06:31:13.088677 - Found REAPRQ00.txt (text/plain) in CBT.V508.FILE239.PDS, moved to PDS/REAPRQ00
2025-04-04 06:31:13.088788 - Found REAPRR00.txt (text/plain) in CBT.V508.FILE239.PDS, moved to PDS/REAPRR00
2025-04-04 06:31:13.088897 - Found REAPRR01.txt (text/plain) in CBT.V508.FILE239.PDS, moved to PDS/REAPRR01
2025-04-04 06:31:13.089026 - Found REAPRS00.txt (text/plain) in CBT.V508.FILE239.PDS, moved to PDS/REAPRS00
2025-04-04 06:31:13.089136 - Found REAPRT00.txt (text/plain) in CBT.V508.FILE239.PDS, moved to PDS/REAPRT00
2025-04-04 06:31:13.089250 - Found REAPRU00.txt (text/plain) in CBT.V508.FILE239.PDS, moved to PDS/REAPRU00
2025-04-04 06:31:13.089362 - Found REAPRU01.txt (text/plain) in CBT.V508.FILE239.PDS, moved to PDS/REAPRU01
2025-04-04 06:31:13.089472 - Found REAPRU02.txt (text/plain) in CBT.V508.FILE239.PDS, moved to PDS/REAPRU02
2025-04-04 06:31:13.089594 - Found REAPRU03.txt (text/plain) in CBT.V508.FILE239.PDS, moved to PDS/REAPRU03
2025-04-04 06:31:13.089708 - Found REAPRU04.txt (text/plain) in CBT.V508.FILE239.PDS, moved to PDS/REAPRU04
2025-04-04 06:31:13.089822 - Found REAPRV00.txt (text/plain) in CBT.V508.FILE239.PDS, moved to PDS/REAPRV00
2025-04-04 06:31:13.089933 - Found REAPRW00.txt (text/plain) in CBT.V508.FILE239.PDS, moved to PDS/REAPRW00
2025-04-04 06:31:13.090056 - Found REAPRW01.txt (text/plain) in CBT.V508.FILE239.PDS, moved to PDS/REAPRW01
2025-04-04 06:31:13.090166 - Found REAPRX00.txt (text/plain) in CBT.V508.FILE239.PDS, moved to PDS/REAPRX00
2025-04-04 06:31:13.090280 - Found REAPRY00.txt (text/plain) in CBT.V508.FILE239.PDS, moved to PDS/REAPRY00
2025-04-04 06:31:13.090413 - Found REAPRZ00.txt (text/plain) in CBT.V508.FILE239.PDS, moved to PDS/REAPRZ00
2025-04-04 06:31:13.090523 - Found REAPR000.txt (text/plain) in CBT.V508.FILE239.PDS, moved to PDS/REAPR000
2025-04-04 06:31:13.090632 - Found REAPR001.txt (text/plain) in CBT.V508.FILE239.PDS, moved to PDS/REAPR001
2025-04-04 06:31:13.090740 - Found REAPR002.txt (text/plain) in CBT.V508.FILE239.PDS, moved to PDS/REAPR002
2025-04-04 06:31:13.090849 - Found REAPR003.txt (text/plain) in CBT.V508.FILE239.PDS, moved to PDS/REAPR003
2025-04-04 06:31:13.090955 - Found REAPR004.txt (text/plain) in CBT.V508.FILE239.PDS, moved to PDS/REAPR004
2025-04-04 06:31:13.091062 - Found REAPR005.txt (text/plain) in CBT.V508.FILE239.PDS, moved to PDS/REAPR005
2025-04-04 06:31:13.091187 - Found REAPR006.txt (text/plain) in CBT.V508.FILE239.PDS, moved to PDS/REAPR006
2025-04-04 06:31:13.091297 - Found REAPR007.txt (text/plain) in CBT.V508.FILE239.PDS, moved to PDS/REAPR007
2025-04-04 06:31:13.091405 - Found REAPR008.txt (text/plain) in CBT.V508.FILE239.PDS, moved to PDS/REAPR008
2025-04-04 06:31:13.091521 - Found REARC000.txt (text/plain) in CBT.V508.FILE239.PDS, moved to PDS/REARC000
2025-04-04 06:31:13.091629 - Found REASE000.txt (text/plain) in CBT.V508.FILE239.PDS, moved to PDS/REASE000
2025-04-04 06:31:13.091753 - Found REASMIDP.txt (text/plain) in CBT.V508.FILE239.PDS, moved to PDS/REASMIDP
2025-04-04 06:31:13.091871 - Found REASM01.txt (text/plain) in CBT.V508.FILE239.PDS, moved to PDS/REASM01
2025-04-04 06:31:13.091981 - Found REASM02.txt (text/plain) in CBT.V508.FILE239.PDS, moved to PDS/REASM02
2025-04-04 06:31:13.092097 - Found REASM03.txt (text/plain) in CBT.V508.FILE239.PDS, moved to PDS/REASM03
2025-04-04 06:31:13.092221 - Found REASM04.txt (text/plain) in CBT.V508.FILE239.PDS, moved to PDS/REASM04
2025-04-04 06:31:13.092329 - Found REASM05.txt (text/plain) in CBT.V508.FILE239.PDS, moved to PDS/REASM05
2025-04-04 06:31:13.092439 - Found REASM06.txt (text/plain) in CBT.V508.FILE239.PDS, moved to PDS/REASM06
2025-04-04 06:31:13.092566 - Found REA00000.txt (text/plain) in CBT.V508.FILE239.PDS, moved to PDS/REA00000
